Verified/measured ASCII 0 UTF16 units
Verified/measured ASCII 7 UTF16 units
Verified/measured ASCII 16 UTF16 units
Verified/measured ASCII 128 UTF16 units
Verified/measured ASCII 1024 UTF16 units
Verified/measured ASCII 16384 UTF16 units
Verified/measured ASCII 262144 UTF16 units
Verified/measured ASCII 1048576 UTF16 units
Verified/measured Latin 0 UTF16 units
Verified/measured Latin 7 UTF16 units
Verified/measured Latin 16 UTF16 units
Verified/measured Latin 128 UTF16 units
Verified/measured Latin 1024 UTF16 units
Verified/measured Latin 16384 UTF16 units
Verified/measured Latin 262144 UTF16 units
Verified/measured Latin 1048576 UTF16 units
Verified/measured CJK 0 UTF16 units
Verified/measured CJK 7 UTF16 units
Verified/measured CJK 16 UTF16 units
Verified/measured CJK 128 UTF16 units
Verified/measured CJK 1024 UTF16 units
Verified/measured CJK 16384 UTF16 units
Verified/measured CJK 262144 UTF16 units
Verified/measured CJK 1048576 UTF16 units
Verified/measured Emoji 0 UTF16 units
Verified/measured Emoji 7 UTF16 units
Verified/measured Emoji 16 UTF16 units
Verified/measured Emoji 128 UTF16 units
Verified/measured Emoji 1024 UTF16 units
Verified/measured Emoji 16384 UTF16 units
Verified/measured Emoji 262144 UTF16 units
Verified/measured Emoji 1048576 UTF16 units
Verified/measured Mixed 0 UTF16 units
Verified/measured Mixed 7 UTF16 units
Verified/measured Mixed 16 UTF16 units
Verified/measured Mixed 128 UTF16 units
Verified/measured Mixed 1024 UTF16 units
Verified/measured Mixed 16384 UTF16 units
Verified/measured Mixed 262144 UTF16 units
Verified/measured Mixed 1048576 UTF16 units
PASS 491 full-content checks; elapsed 75.239107375s
